
Alive[################################################################]  100.0000%
Finished[#############################################################]  100.0000%

1/66: "20260817002720-e3f0aa4f/build-release.log"[####################]  100.0000%
2/66: "20260817002720-e3f0aa4f/build.log"[############################]  100.0000%
3/66: "20260817002720-e3f0aa4f/restore.log"[##########################]  100.0000%
4/66: "20260817002720-e3f0aa4f/result.json"[##########################]  100.0000%
5/66: "20260817002720-e3f0aa4f/runner-env.log"[#######################]  100.0000%
6/66: "20260817002720-e3f0aa4f/runner-timing.log"[####################]  100.0000%
7/66: "20260817002720-e3f0aa4f/test-result.json"[#####################]  100.0000%
8/66: "20260817002720-e3f0aa4f/test-results/runner_net10.0_20260817003319.trx"[]  100.0000%
9/66: "20260817002720-e3f0aa4f/test-results/runner_net10.0_20260817003320.trx"[]  100.0000%
10/66: "20260817002720-e3f0aa4f/test-results/runner_net10.0_20260817003321.trx"[]  100.0000%
11/66: "20260817002720-e3f0aa4f/test-results/runner_net10.0_20260817003323.trx"[]  100.0000%
12/66: "20260817002720-e3f0aa4f/test-results/runner_net10.0_20260817003324.trx"[]  100.0000%
13/66: "20260817002720-e3f0aa4f/test-results/runner_net10.0_20260817003327.trx"[]  100.0000%
14/66: "20260817002720-e3f0aa4f/test-results/runner_net10.0_20260817003329.trx"[]  100.0000%
15/66: "20260817002720-e3f0aa4f/test-results/runner_net10.0_20260817003333.trx"[]  100.0000%
16/66: "20260817002720-e3f0aa4f/test-results/runner_net10.0_20260817003334.trx"[]  100.0000%
17/66: "20260817002720-e3f0aa4f/test-results/runner_net10.0_20260817003335.trx"[]  100.0000%
18/66: "20260817002720-e3f0aa4f/test-results/runner_net10.0_20260817003336.trx"[]  100.0000%
19/66: "20260817002720-e3f0aa4f/test-results/runner_net10.0_20260817003337.trx"[]  100.0000%
20/66: "20260817002720-e3f0aa4f/test-results/runner_net10.0_20260817003338.trx"[]  100.0000%
21/66: "20260817002720-e3f0aa4f/test-results/runner_net10.0_20260817003339.trx"[]  100.0000%
22/66: "20260817002720-e3f0aa4f/test-results/runner_net10.0_20260817003342.trx"[]  100.0000%
23/66: "20260817002720-e3f0aa4f/test-results/runner_net10.0_20260817003343.trx"[]  100.0000%
24/66: "20260817002720-e3f0aa4f/test-results/runner_net10.0_20260817003346.trx"[]  100.0000%
25/66: "20260817002720-e3f0aa4f/test-results/runner_net10.0_20260817003355.trx"[]  100.0000%
26/66: "20260817002720-e3f0aa4f/test-results/runner_net10.0_20260817003359.trx"[]  100.0000%
27/66: "20260817002720-e3f0aa4f/test-results/runner_net10.0_20260817003401.trx"[]  100.0000%
28/66: "20260817002720-e3f0aa4f/test-results/runner_net10.0_20260817003407.trx"[]  100.0000%
29/66: "20260817002720-e3f0aa4f/test-results/runner_net10.0_20260817003408.trx"[]  100.0000%
30/66: "20260817002720-e3f0aa4f/test-results/runner_net10.0_20260817003409.trx"[]  100.0000%
31/66: "20260817002720-e3f0aa4f/test-results/runner_net10.0_20260817003410.trx"[]  100.0000%
32/66: "20260817002720-e3f0aa4f/test-results/runner_net10.0_20260817003411.trx"[]  100.0000%
33/66: "20260817002720-e3f0aa4f/test-results/runner_net10.0_20260817003412.trx"[]  100.0000%
34/66: "20260817002720-e3f0aa4f/test-results/runner_net10.0_20260817003414.trx"[]  100.0000%
35/66: "20260817002720-e3f0aa4f/test-results/runner_net10.0_20260817003415.trx"[]  100.0000%
36/66: "20260817002720-e3f0aa4f/test-results/runner_net10.0_20260817003416.trx"[]  100.0000%
37/66: "20260817002720-e3f0aa4f/test-results/runner_net10.0_20260817003417.trx"[]  100.0000%
38/66: "20260817002720-e3f0aa4f/test-results/runner_net10.0_20260817003418.trx"[]  100.0000%
39/66: "20260817002720-e3f0aa4f/test-results/runner_net10.0_20260817003419.trx"[]  100.0000%
40/66: "20260817002720-e3f0aa4f/test-results/runner_net10.0_20260817003420.trx"[]  100.0000%
41/66: "20260817002720-e3f0aa4f/test-results/runner_net10.0_20260817003422.trx"[]  100.0000%
42/66: "20260817002720-e3f0aa4f/test-results/runner_net10.0_20260817003424.trx"[]  100.0000%
43/66: "20260817002720-e3f0aa4f/test-results/runner_net10.0_20260817003426.trx"[]  100.0000%
44/66: "20260817002720-e3f0aa4f/test-results/runner_net10.0_20260817003428.trx"[]  100.0000%
45/66: "20260817002720-e3f0aa4f/test-results/runner_net10.0_20260817003430.trx"[]  100.0000%
46/66: "20260817002720-e3f0aa4f/test-results/runner_net10.0_20260817003432.trx"[]  100.0000%
47/66: "20260817002720-e3f0aa4f/test-results/runner_net10.0_20260817003439.trx"[]  100.0000%
48/66: "20260817002720-e3f0aa4f/test-results/runner_net10.0_20260817003442.trx"[]  100.0000%
49/66: "20260817002720-e3f0aa4f/test-results/runner_net10.0_20260817003448.trx"[]  100.0000%
50/66: "20260817002720-e3f0aa4f/test-results/runner_net10.0_20260817003449.trx"[]  100.0000%
51/66: "20260817002720-e3f0aa4f/test-results/runner_net10.0_20260817003451.trx"[]  100.0000%
52/66: "20260817002720-e3f0aa4f/test-results/runner_net10.0_20260817003452.trx"[]  100.0000%
53/66: "20260817002720-e3f0aa4f/test-results/runner_net10.0_20260817003454.trx"[]  100.0000%
54/66: "20260817002720-e3f0aa4f/test-results/runner_net10.0_20260817003513.trx"[]  100.0000%
55/66: "20260817002720-e3f0aa4f/test-results/runner_net10.0_20260817003518.trx"[]  100.0000%
56/66: "20260817002720-e3f0aa4f/test-results/runner_net10.0_20260817003609.trx"[]  100.0000%
57/66: "20260817002720-e3f0aa4f/test-results/runner_net10.0_20260817003614.trx"[]  100.0000%
58/66: "20260817002720-e3f0aa4f/test-results/runner_net10.0_20260817003619.trx"[]  100.0000%
59/66: "20260817002720-e3f0aa4f/test-results/runner_net10.0_20260817003635.trx"[]  100.0000%
60/66: "20260817002720-e3f0aa4f/test-results/runner_net10.0_20260817003636.trx"[]  100.0000%
61/66: "20260817002720-e3f0aa4f/test-results/runner_net10.0_20260817003640.trx"[]  100.0000%
62/66: "20260817002720-e3f0aa4f/test-results/runner_net10.0_20260817003641.trx"[]  100.0000%
63/66: "20260817002720-e3f0aa4f/test-results/runner_net10.0_20260817003738.trx"[]  100.0000%
64/66: "20260817002720-e3f0aa4f/test-results/runner_net10.0_20260817003834.trx"[]  100.0000%
65/66: "20260817002720-e3f0aa4f/test.log"[############################]  100.0000%
66/66: "20260817002720-e3f0aa4f/tool-restore.log"[####################]  100.0000%
Finished[#############################################################]  100.0000%
