# #4567 shrink-only configuration authority debt: rule|repository-relative-path|occurrence-count
backend-selector|src/gateway/BotNexus.Cli/Commands/DebugDbCommand.cs|4
config-json|src/domain/BotNexus.Domain/Gateway/Models/AgentDescriptor.cs|1
config-json|src/domain/BotNexus.Domain/Security/SecretRef.cs|1
config-json|src/extensions/BotNexus.Extensions.Channels.Agent365/Agent365ChannelAdapter.cs|1
config-json|src/extensions/BotNexus.Extensions.Channels.Matrix/MatrixChannelAdapter.cs|1
config-json|src/extensions/BotNexus.Extensions.Channels.ServiceBus/ServiceBusChannelAdapter.cs|1
config-json|src/extensions/BotNexus.Extensions.Channels.Telegram/TelegramChannelAdapter.cs|1
config-json|src/gateway/BotNexus.Cli/Commands/AgentCommands.cs|11
config-json|src/gateway/BotNexus.Cli/Commands/ConfigCommands.cs|18
config-json|src/gateway/BotNexus.Cli/Commands/Doctor/ConfigHealthCheck.cs|2
config-json|src/gateway/BotNexus.Cli/Commands/Doctor/FeatureFlagChecks.cs|1
config-json|src/gateway/BotNexus.Cli/Commands/Doctor/IDoctorCheck.cs|1
config-json|src/gateway/BotNexus.Cli/Commands/Doctor/LocationAccessibilityCheck.cs|2
config-json|src/gateway/BotNexus.Cli/Commands/Doctor/PersistentAgentFolderCheck.cs|4
config-json|src/gateway/BotNexus.Cli/Commands/Doctor/SecretFilePermissionCheck.cs|3
config-json|src/gateway/BotNexus.Cli/Commands/Doctor/SubAgentWorkspaceCheck.cs|2
config-json|src/gateway/BotNexus.Cli/Commands/Doctor/WorldIdCheck.cs|1
config-json|src/gateway/BotNexus.Cli/Commands/DoctorCommand.cs|3
config-json|src/gateway/BotNexus.Cli/Commands/DoctorConfigCommand.cs|2
config-json|src/gateway/BotNexus.Cli/Commands/ExtensionRepositoryCommand.cs|1
config-json|src/gateway/BotNexus.Cli/Commands/GatewayCommand.cs|3
config-json|src/gateway/BotNexus.Cli/Commands/InitCommand.cs|5
config-json|src/gateway/BotNexus.Cli/Commands/LocationsCommand.cs|6
config-json|src/gateway/BotNexus.Cli/Commands/MemoryCommands.cs|1
config-json|src/gateway/BotNexus.Cli/Commands/PersistentAgentWorkspaceReconciler.cs|1
config-json|src/gateway/BotNexus.Cli/Commands/PromptCommands.cs|2
config-json|src/gateway/BotNexus.Cli/Commands/Provider/CopilotProviderSubcommand.cs|1
config-json|src/gateway/BotNexus.Cli/Commands/Provider/OllamaProviderSubcommand.cs|1
config-json|src/gateway/BotNexus.Cli/Commands/ProviderCommand.cs|5
config-json|src/gateway/BotNexus.Cli/Commands/SatelliteCommand.cs|5
config-json|src/gateway/BotNexus.Cli/Commands/ServeCommand.cs|2
config-json|src/gateway/BotNexus.Cli/Commands/SessionCommands.cs|1
config-json|src/gateway/BotNexus.Cli/Commands/SubAgentCommand.cs|2
config-json|src/gateway/BotNexus.Cli/Commands/UpdateCommand.cs|1
config-json|src/gateway/BotNexus.Cli/Commands/ValidateCommand.cs|2
config-json|src/gateway/BotNexus.Cli/ConfigPresence.cs|1
config-json|src/gateway/BotNexus.Cli/Services/GatewayClientFactory.cs|2
config-json|src/gateway/BotNexus.Cli/Services/IGatewayCredentialSource.cs|1
config-json|src/gateway/BotNexus.Cron/SkillReviewCronProvisioner.cs|1
config-json|src/gateway/BotNexus.Gateway.Api/Controllers/AgentsController.cs|1
config-json|src/gateway/BotNexus.Gateway.Api/Controllers/ConfigController.cs|3
config-json|src/gateway/BotNexus.Gateway.Api/Controllers/LocationsController.cs|1
config-json|src/gateway/BotNexus.Gateway.Api/Program.cs|4
config-json|src/gateway/BotNexus.Gateway.Channels/LateBoundChannelOptions.cs|5
config-json|src/gateway/BotNexus.Gateway.Configuration/AgentExchangeOptions.cs|1
config-json|src/gateway/BotNexus.Gateway.Configuration/BotNexusHome.cs|1
config-json|src/gateway/BotNexus.Gateway.Configuration/BuiltInSchemaContributors.cs|2
config-json|src/gateway/BotNexus.Gateway.Configuration/BundledPlatformAgents.cs|1
config-json|src/gateway/BotNexus.Gateway.Configuration/ConfigBackupEntry.cs|1
config-json|src/gateway/BotNexus.Gateway.Configuration/ConfigBackupRestoreService.cs|1
config-json|src/gateway/BotNexus.Gateway.Configuration/ConfigBackupService.cs|4
config-json|src/gateway/BotNexus.Gateway.Configuration/ConfigHydrationService.cs|5
config-json|src/gateway/BotNexus.Gateway.Configuration/ConfigSectionGuard.cs|4
config-json|src/gateway/BotNexus.Gateway.Configuration/ConfigStoreBootstrap.cs|3
config-json|src/gateway/BotNexus.Gateway.Configuration/CrossProcessConfigLock.cs|4
config-json|src/gateway/BotNexus.Gateway.Configuration/ExtensionLifecycleReconciler.cs|1
config-json|src/gateway/BotNexus.Gateway.Configuration/IConfigSchemaContributor.cs|1
config-json|src/gateway/BotNexus.Gateway.Configuration/PlatformAgentReconciliationService.cs|6
config-json|src/gateway/BotNexus.Gateway.Configuration/PlatformConfig.cs|6
config-json|src/gateway/BotNexus.Gateway.Configuration/PlatformConfigConcurrencyException.cs|1
config-json|src/gateway/BotNexus.Gateway.Configuration/PlatformConfigLoader.cs|3
config-json|src/gateway/BotNexus.Gateway.Configuration/PlatformConfigLockTimeoutException.cs|1
config-json|src/gateway/BotNexus.Gateway.Configuration/PlatformConfigurationSources.cs|2
config-json|src/gateway/BotNexus.Gateway.Configuration/PlatformConfigValidator.cs|2
config-json|src/gateway/BotNexus.Gateway.Configuration/PlatformConfigWriter.cs|4
config-json|src/gateway/BotNexus.Gateway.Configuration/PlatformWorldContext.cs|1
config-json|src/gateway/BotNexus.Gateway.Configuration/ProviderCapabilityResolver.cs|2
config-json|src/gateway/BotNexus.Gateway.Configuration/ResilientJsonConfigurationSource.cs|2
config-json|src/gateway/BotNexus.Gateway.Configuration/SatelliteConfig.cs|1
config-json|src/gateway/BotNexus.Gateway.Configuration/SecureFilePermissions.cs|1
config-json|src/gateway/BotNexus.Gateway.Configuration/Store/SqliteConfigStore.cs|1
config-json|src/gateway/BotNexus.Gateway.Configuration/Validation/AgentDescriptorValidator.cs|1
config-json|src/gateway/BotNexus.Gateway.Configuration/WorldId.cs|4
config-json|src/gateway/BotNexus.Gateway.Configuration/WorldIdPersistenceService.cs|4
config-json|src/gateway/BotNexus.Gateway.Configuration/Writers/ConfigWriterFactory.cs|2
config-json|src/gateway/BotNexus.Gateway.Configuration/Writers/JsonConfigurationWriter.cs|1
config-json|src/gateway/BotNexus.Gateway.Webhooks/WebhookRegistration.cs|1
config-json|src/gateway/BotNexus.Gateway.Webhooks/WebhookSecretHelper.cs|1
config-json|src/gateway/BotNexus.Gateway/Agents/AgentExchangeBudgetOptions.cs|1
config-json|src/gateway/BotNexus.Gateway/Agents/DefaultAgentToolFactory.cs|2
config-json|src/gateway/BotNexus.Gateway/Extensions/GatewayServiceCollectionExtensions.cs|7
config-json|src/gateway/BotNexus.Gateway/Extensions/ServiceCollectionExtensions.cs|1
config-json|src/gateway/BotNexus.Gateway/Extensions/ToolServiceCollectionExtensions.cs|1
config-json|src/gateway/BotNexus.Gateway/Security/ApiKeyGatewayAuthHandler.cs|1
config-json|src/gateway/BotNexus.Gateway/Security/FileSecretProvider.cs|1
config-json|src/gateway/BotNexus.Gateway/Tools/CreateAgentTool.cs|3
config-json|src/gateway/BotNexus.Gateway/Tools/UpdateAgentTool.cs|3
config-json|src/gateway/BotNexus.Memory/SharedMemoryStoreConfig.cs|1
direct-writer|src/gateway/BotNexus.Gateway.Configuration/Writers/ConfigWriterFactory.cs|4
