# Repository-relative test source path|maximum finite wait count. This baseline may only shrink.
tests/agent/BotNexus.Agent.Core.Tests/Loop/AgentLoopSafetyTests.cs|1
tests/agent/BotNexus.Agent.Core.Tests/Loop/StreamAccumulatorTests.cs|2
tests/agent/BotNexus.Agent.Core.Tests/Loop/ToolExecutorTests.cs|2
tests/agent/BotNexus.Agent.Core.Tests/Loop/ToolExecutorTimeoutTests.cs|5
tests/agent/BotNexus.Agent.Core.Tests/Security/ToolExecutorSecurityTests.cs|1
tests/agent/BotNexus.Agent.Core.Tests/Security/ToolExecutorTaintTests.cs|1
tests/agent/BotNexus.Agent.Core.Tests/SteeringLoopTests.cs|1
tests/agent/BotNexus.Agent.Providers.Core.Tests/Streaming/LlmStreamTests.cs|5
tests/agent/BotNexus.Agent.Providers.Core.Tests/Utilities/BoundedHttpContentIdleTimeoutTests.cs|1
tests/examples/BotNexus.CodingAgent.Tests/Security/ResourceLimitTests.cs|1
tests/examples/BotNexus.CodingAgent.Tests/Security/ShellToolSecurityTests.cs|1
tests/extensions/BotNexus.Extensions.BrowserTools.Tests/BrowserToolsContributorTests.cs|1
tests/extensions/BotNexus.Extensions.Channels.Matrix.Tests/MatrixConfigurationTests.cs|5
tests/extensions/BotNexus.Extensions.Channels.SignalR.BlazorClient.Tests/GatewayEventHandlerTests.cs|1
tests/extensions/BotNexus.Extensions.ExecTool.Tests/ExecToolCancellationTests.cs|1
tests/extensions/BotNexus.Extensions.ExecTool.Tests/ExecToolTests.cs|1
tests/extensions/BotNexus.Extensions.Mcp.Tests/McpUrlSchemeValidationTests.cs|1
tests/extensions/BotNexus.Extensions.Mcp.Tests/Transport/HttpSseReconnectCeilingTests.cs|1
tests/extensions/BotNexus.Extensions.Mcp.Tests/Transport/HttpSseSessionExpiryTests.cs|1
tests/extensions/BotNexus.Extensions.Mcp.Tests/Transport/HttpSseTransportRobustnessTests.cs|1
tests/extensions/BotNexus.Extensions.ProcessTool.Tests/ManagedProcessCancellationTests.cs|1
tests/extensions/BotNexus.Extensions.ProcessTool.Tests/ProcessToolAdditionalTests.cs|3
tests/extensions/BotNexus.Extensions.ProcessTool.Tests/ProcessToolTailCeilingTests.cs|1
tests/extensions/BotNexus.Extensions.Qmd.Tests/QmdCliBackendCancellationTests.cs|2
tests/extensions/BotNexus.Extensions.Skills.Tests/SqliteSkillUsageStoreTests.cs|1
tests/extensions/BotNexus.Extensions.WebTools.Tests/Helpers/MockHttpMessageHandler.cs|1
tests/extensions/BotNexus.Extensions.WebTools.Tests/WebSearchToolTests.cs|1
tests/gateway/BotNexus.Cli.Tests/Commands/DoctorConfigCommandTests.cs|1
tests/gateway/BotNexus.Cron.Tests/CronJobLifecycleTests.cs|1
tests/gateway/BotNexus.Cron.Tests/CronRunStatusTests.cs|1
tests/gateway/BotNexus.Cron.Tests/CronSchedulerConcurrencyCapTests.cs|1
tests/gateway/BotNexus.Cron.Tests/CronSchedulerDeleteAfterRunTests.cs|1
tests/gateway/BotNexus.Cron.Tests/CronSchedulerTests.cs|1
tests/gateway/BotNexus.Cron.Tests/CronStoreRootPathTests.cs|1
tests/gateway/BotNexus.Cron.Tests/CronTimeoutSentinelTests.cs|1
tests/gateway/BotNexus.Cron.Tests/CronToolCrossJobHistoryTests.cs|1
tests/gateway/BotNexus.Gateway.Conversations.Tests/ConversationPinTests.cs|1
tests/gateway/BotNexus.Gateway.Conversations.Tests/Conversations/GatewayHostBindingRoutingTests.cs|1
tests/gateway/BotNexus.Gateway.Conversations.Tests/Conversations/MultiChannelFanOutTests.cs|1
tests/gateway/BotNexus.Gateway.Conversations.Tests/ConversationStoreContractTests.cs|1
tests/gateway/BotNexus.Gateway.Conversations.Tests/SqliteConversationStoreTests.cs|1
tests/gateway/BotNexus.Gateway.Tests/Agents/DefaultSubAgentManagerActivityTests.cs|1
tests/gateway/BotNexus.Gateway.Tests/Agents/SubAgentAssistantHistoryTests.cs|1
tests/gateway/BotNexus.Gateway.Tests/Agents/SubAgentEagerConversationPinTests.cs|2
tests/gateway/BotNexus.Gateway.Tests/Agents/SubAgentSpawnClampDisclosureTests.cs|1
tests/gateway/BotNexus.Gateway.Tests/Agents/SubAgentSpawnFaultObservationTests.cs|1
tests/gateway/BotNexus.Gateway.Tests/Agents/SubAgentSpawnOnlyHandoffTests.cs|1
tests/gateway/BotNexus.Gateway.Tests/Agents/SubAgentTurnBudgetTests.cs|1
tests/gateway/BotNexus.Gateway.Tests/Channels/TelegramChannelAdapterTests.cs|1
tests/gateway/BotNexus.Gateway.Tests/Channels/TelegramMediaBoundsTests.cs|1
tests/gateway/BotNexus.Gateway.Tests/Configuration/ConfigHydrationServiceTests.cs|1
tests/gateway/BotNexus.Gateway.Tests/Configuration/PlatformAgentReconciliationServiceTests.cs|2
tests/gateway/BotNexus.Gateway.Tests/Configuration/PlatformConfigWriterNoOpTests.cs|1
tests/gateway/BotNexus.Gateway.Tests/ConversationAutoTitleServiceTests.cs|1
tests/gateway/BotNexus.Gateway.Tests/ConversationScopedEventAttributionTests.cs|1
tests/gateway/BotNexus.Gateway.Tests/DefaultAgentRegistryTests.cs|2
tests/gateway/BotNexus.Gateway.Tests/DefaultAgentSupervisorTests.cs|2
tests/gateway/BotNexus.Gateway.Tests/Diagnostics/MemoryPressureMonitorTests.cs|1
tests/gateway/BotNexus.Gateway.Tests/DockerSandboxIsolationStrategyTests.cs|3
tests/gateway/BotNexus.Gateway.Tests/Extensions/ExtensionLoaderTests.cs|2
tests/gateway/BotNexus.Gateway.Tests/Extensions/ExtensionStateStoreTests.cs|1
tests/gateway/BotNexus.Gateway.Tests/GatewayHostProvisionalTitleTests.cs|2
tests/gateway/BotNexus.Gateway.Tests/GatewaySessionBehaviorSnapshotTests.cs|2
tests/gateway/BotNexus.Gateway.Tests/InProcessAgentHandleTests.cs|2
tests/gateway/BotNexus.Gateway.Tests/Integration/CopilotIntegrationTests.cs|1
tests/gateway/BotNexus.Gateway.Tests/Integration/GatewayStartupAndConfigurationTests.cs|1
tests/gateway/BotNexus.Gateway.Tests/Integration/HubFixtureGuard.cs|1
tests/gateway/BotNexus.Gateway.Tests/Integration/LocationsApiIntegrationTests.cs|1
tests/gateway/BotNexus.Gateway.Tests/Integration/Phase5IntegrationTests.cs|1
tests/gateway/BotNexus.Gateway.Tests/Integration/SessionResumeIntegrationTests.cs|1
tests/gateway/BotNexus.Gateway.Tests/Integration/SignalRReliabilityTests.cs|2
tests/gateway/BotNexus.Gateway.Tests/Models/ModelDiscoveryServiceTests.cs|1
tests/gateway/BotNexus.Gateway.Tests/PlatformConfigReloadTests.cs|1
tests/gateway/BotNexus.Gateway.Tests/ProviderStallWatchdogTests.cs|2
tests/gateway/BotNexus.Gateway.Tests/Satellites/InMemorySatelliteRegistryTests.cs|1
tests/gateway/BotNexus.Gateway.Tests/SessionLifecycleTests.cs|1
tests/gateway/BotNexus.Gateway.Tests/Sessions/CompactionModelTests.cs|1
tests/gateway/BotNexus.Gateway.Tests/Sessions/LegacyConversationBackfillTests.cs|1
tests/gateway/BotNexus.Gateway.Tests/Sessions/LlmSessionCompactorResilienceTests.cs|1
tests/gateway/BotNexus.Gateway.Tests/Sessions/SqliteSessionStoreConversationIdTests.cs|1
tests/gateway/BotNexus.Gateway.Tests/Sessions/SqliteSessionStorePostRunFenceTests.cs|1
tests/gateway/BotNexus.Gateway.Tests/SqliteToolStoreTests.cs|1
tests/gateway/BotNexus.Gateway.Tests/Steering/GatewaySteeringTests.cs|1
tests/gateway/BotNexus.Gateway.Tests/StreamingPipelineTests.cs|1
tests/gateway/BotNexus.Gateway.Tests/StreamingSessionHelperTests.cs|1
tests/gateway/BotNexus.Gateway.Tests/Tools/DelayToolTests.cs|1
tests/gateway/BotNexus.Gateway.Tests/Tools/FileWatcherToolTests.cs|2
tests/gateway/BotNexus.Memory.Tests/MarkdownAgentMemoryBudgetTests.cs|1
tests/gateway/BotNexus.Memory.Tests/MarkdownNoteIndexingTests.cs|1
tests/gateway/BotNexus.Memory.Tests/MemoryIsolationTests.cs|1
tests/gateway/BotNexus.Memory.Tests/MemoryProvenanceTests.cs|1
tests/integration/BotNexus.Conversation.Tests/ConversationSignalRTests.cs|2
tests/integration/BotNexus.Conversation.Tests/TestSignalRClient.cs|2
tests/integration/BotNexus.Integration.ConfigDiskE2E.Tests/ConfigMutationMatrixDiskTests.cs|1
tests/integration/BotNexus.Integration.ConfigDiskE2E.Tests/ConfigWriterOpenReaderDiskTests.cs|1
tests/integration/BotNexus.Integration.E2E.Tests/Helpers/TcpReadinessProbe.cs|1
tests/integration/BotNexus.Integration.E2E.Tests/Helpers/TcpReadinessProbeTests.cs|2
tests/integration/BotNexus.Integration.E2E.Tests/NewUserExperienceFixture.cs|1
tests/integration/BotNexus.Integration.E2E.Tests/ParallelExecutionDisplayTests.cs|1
tests/integration/BotNexus.Integration.ExtensionBoot.Tests/ExtensionBootFixture.cs|1
tests/integration/BotNexus.Integration.ExtensionBoot.Tests/TcpReadinessProbe.cs|1
tests/integration/BotNexus.Integration.ProviderTests/AutoTitleRealLlmIntegrationTests.cs|1
tests/integration/BotNexus.Integration.ProviderTests/GitHubModelsIntegrationTests.cs|5
tests/persistence/BotNexus.Persistence.Seam.Tests/Harness/SeamGate.cs|1
tests/persistence/BotNexus.Persistence.Sqlite.Tests/SqliteUsageTelemetryStoreTests.cs|1
tests/scenarios/BotNexus.Integration.Tests/ScenarioRunner.cs|1
tests/scenarios/BotNexus.Integration.Tests/StepExecutor.cs|1
tests/scenarios/BotNexus.Integration.Tests/TestSignalRClient.cs|2
